 ï¿½ESP-ROM:esp32s3-20210327
Build:Mar 27 2021
rst:0x1 (POWERON),boot:0x8 (SPI_FAST_FLASH_BOOT)
SPIWP:0xee
mode:DIO, clock div:1
load:0x3fce2810,len:0x15a0
load:0x403c8700,len:0x4
load:0x403c8704,len:0xd20
load:0x403cb700,len:0x2ee4
entry 0x403c8928
[0;32mI (27) boot: ESP-IDF v5.4 2nd stage bootloader[0m
[0;32mI (27) boot: compile time Feb  8 2025 16:06:03[0m
[0;32mI (27) boot: Multicore bootloader[0m
[0;32mI (27) boot: chip revision: v0.2[0m
[0;32mI (30) boot: efuse block revision: v1.3[0m
[0;32mI (33) boot.esp32s3: Boot SPI Speed : 80MHz[0m
[0;32mI (37) boot.esp32s3: SPI Mode       : DIO[0m
[0;32mI (41) boot.esp32s3: SPI Flash Size : 2MB[0m
[0;32mI (45) boot: Enabling RNG early entropy source...[0m
[0;32mI (49) boot: Partition Table:[0m
[0;32mI (52) boot: ## Label            Usage          Type ST Offset   Length[0m
[0;32mI (58) boot:  0 nvs              WiFi data        01 02 00009000 00006000[0m
[0;32mI (65) boot:  1 phy_init         RF data          01 01 0000f000 00001000[0m
[0;32mI (71) boot:  2 factory          factory app      00 00 00010000 00100000[0m
[0;32mI (78) boot: End of partition table[0m
[0;32mI (81) esp_image: segment 0: paddr=00010020 vaddr=3c080020 size=18488h ( 99464) map[0m
[0;32mI (106) esp_image: segment 1: paddr=000284b0 vaddr=3fc99c00 size=04948h ( 18760) load[0m
[0;32mI (110) esp_image: segment 2: paddr=0002ce00 vaddr=40374000 size=03218h ( 12824) load[0m
[0;32mI (113) esp_image: segment 3: paddr=00030020 vaddr=42000020 size=7d2cch (512716) map[0m
[0;32mI (208) esp_image: segment 4: paddr=000ad2f4 vaddr=40377218 size=1298ch ( 76172) load[0m
[0;32mI (224) esp_image: segment 5: paddr=000bfc88 vaddr=600fe100 size=0001ch (    28) load[0m
[0;32mI (233) boot: Loaded app from partition at offset 0x10000[0m
[0;32mI (233) boot: Disabling RNG early entropy source...[0m
[0;32mI (243) cpu_start: Multicore app[0m
[0;32mI (252) cpu_start: Pro cpu start user code[0m
[0;32mI (252) cpu_start: cpu freq: 160000000 Hz[0m
[0;32mI (253) app_init: Application information:[0m
[0;32mI (253) app_init: Project name:     wifi_scan[0m
[0;32mI (257) app_init: App version:      91ab1ac-dirty[0m
[0;32mI (261) app_init: Compile time:     Feb  8 2025 16:02:26[0m
[0;32mI (266) app_init: ELF file SHA256:  9b76f4e0e...[0m
[0;32mI (270) app_init: ESP-IDF:          v5.4[0m
[0;32mI (274) efuse_init: Min chip rev:     v0.0[0m
[0;32mI (278) efuse_init: Max chip rev:     v0.99 [0m
[0;32mI (282) efuse_init: Chip rev:         v0.2[0m
[0;32mI (286) heap_init: Initializing. RAM available for dynamic allocation:[0m
[0;32mI (292) heap_init: At 3FCA2138 len 000475D8 (285 KiB): RAM[0m
[0;32mI (297) heap_init: At 3FCE9710 len 00005724 (21 KiB): RAM[0m
[0;32mI (302) heap_init: At 3FCF0000 len 00008000 (32 KiB): DRAM[0m
[0;32mI (308) heap_init: At 600FE11C len 00001ECC (7 KiB): RTCRAM[0m
[0;32mI (314) spi_flash: detected chip: gd[0m
[0;32mI (316) spi_flash: flash io: dio[0m
[0;33mW (319) spi_flash: Detected size(16384k) larger than the size in the binary image header(2048k). Using the size in the binary image header.[0m
[0;32mI (332) sleep_gpio: Configure to isolate all GPIO pins in sleep state[0m
[0;32mI (338) sleep_gpio: Enable automatic switching of GPIO sleep configuration[0m
[0;32mI (345) main_task: Started on CPU0[0m
[0;32mI (365) main_task: Calling app_main()[0m
[0;32mI (375) pp: pp rom version: e7ae62f[0m
[0;32mI (375) net80211: net80211 rom version: e7ae62f[0m

***ERROR*** A stack overflow in task main has been detected.


Backtrace: 0x40375c11:0x3fca4f10 0x4037c7f9:0x3fca4f30 0x4037d646:0x3fca4f50 0x4037eaef:0x3fca4fd0 0x4037d70c:0x3fca4ff0 0x4037d702:0x3fca5010 0x40377d1b:0x00000001 |<-CORRUPTED




ELF file SHA256: 9b76f4e0e

Rebooting...
ESP-ROM:esp32s3-20210327
Build:Mar 27 2021
rst:0xc (RTC_SW_CPU_RST),boot:0x8 (SPI_FAST_FLASH_BOOT)
Saved PC:0x40375b50
SPIWP:0xee
mode:DIO, clock div:1
load:0x3fce2810,len:0x15a0
load:0x403c8700,len:0x4
load:0x403c8704,len:0xd20
load:0x403cb700,len:0x2ee4
entry 0x403c8928
[0;32mI (31) boot: ESP-IDF v5.4 2nd stage bootloader[0m
[0;32mI (31) boot: compile time Feb  8 2025 16:06:03[0m
[0;32mI (31) boot: Multicore bootloader[0m
[0;32mI (31) boot: chip revision: v0.2[0m
[0;32mI (34) boot: efuse block revision: v1.3[0m
[0;32mI (38) boot.esp32s3: Boot SPI Speed : 80MHz[0m
[0;32mI (42) boot.esp32s3: SPI Mode       : DIO[0m
[0;32mI (45) boot.esp32s3: SPI Flash Size : 2MB[0m
[0;32mI (49) boot: Enabling RNG early entropy source...[0m
[0;32mI (54) boot: Partition Table:[0m
[0;32mI (56) boot: ## Label            Usage          Type ST Offset   Length[0m
[0;32mI (62) boot:  0 nvs              WiFi data        01 02 00009000 00006000[0m
[0;32mI (69) boot:  1 phy_init         RF data          01 01 0000f000 00001000[0m
[0;32mI (75) boot:  2 factory          factory app      00 00 00010000 00100000[0m
[0;32mI (82) boot: End of partition table[0m
[0;32mI (85) esp_image: segment 0: paddr=00010020 vaddr=3c080020 size=18488h ( 99464) map[0m
[0;32mI (110) esp_image: segment 1: paddr=000284b0 vaddr=3fc99c00 size=04948h ( 18760) load[0m
[0;32mI (114) esp_image: segment 2: paddr=0002ce00 vaddr=40374000 size=03218h ( 12824) load[0m
[0;32mI (117) esp_image: segment 3: paddr=00030020 vaddr=42000020 size=7d2cch (512716) map[0m
[0;32mI (212) esp_image: segment 4: paddr=000ad2f4 vaddr=40377218 size=1298ch ( 76172) load[0m
[0;32mI (229) esp_image: segment 5: paddr=000bfc88 vaddr=600fe100 size=0001ch (    28) load[0m
[0;32mI (238) boot: Loaded app from partition at offset 0x10000[0m
[0;32mI (238) boot: Disabling RNG early entropy source...[0m
[0;32mI (248) cpu_start: Multicore app[0m
[0;32mI (257) cpu_start: Pro cpu start user code[0m
[0;32mI (257) cpu_start: cpu freq: 160000000 Hz[0m
[0;32mI (257) app_init: Application information:[0m
[0;32mI (257) app_init: Project name:     wifi_scan[0m
[0;32mI (261) app_init: App version:      91ab1ac-dirty[0m
[0;32mI (265) app_init: Compile time:     Feb  8 2025 16:02:26[0m
[0;32mI (270) app_init: ELF file SHA256:  9b76f4e0e...[0m
[0;32mI (275) app_init: ESP-IDF:          v5.4[0m
[0;32mI (278) efuse_init: Min chip rev:     v0.0[0m
[0;32mI (282) efuse_init: Max chip rev:     v0.99 [0m
[0;32mI (286) efuse_init: Chip rev:         v0.2[0m
[0;32mI (290) heap_init: Initializing. RAM available for dynamic allocation:[0m
[0;32mI (296) heap_init: At 3FCA2138 len 000475D8 (285 KiB): RAM[0m
[0;32mI (302) heap_init: At 3FCE9710 len 00005724 (21 KiB): RAM[0m
[0;32mI (307) heap_init: At 3FCF0000 len 00008000 (32 KiB): DRAM[0m
[0;32mI (312) heap_init: At 600FE11C len 00001ECC (7 KiB): RTCRAM[0m
[0;32mI (318) spi_flash: detected chip: gd[0m
[0;32mI (320) spi_flash: flash io: dio[0m
[0;33mW (323) spi_flash: Detected size(16384k) larger than the size in the binary image header(2048k). Using the size in the binary image header.[0m
[0;32mI (336) sleep_gpio: Configure to isolate all GPIO pins in sleep state[0m
[0;32mI (342) sleep_gpio: Enable automatic switching of GPIO sleep configuration[0m
[0;32mI (349) main_task: Started on CPU0[0m
[0;32mI (369) main_task: Calling app_main()[0m
[0;32mI (379) pp: pp rom version: e7ae62f[0m
[0;32mI (379) net80211: net80211 rom version: e7ae62f[0m

***ERROR*** A stack overflow in task main has been detected.


Backtrace: 0x40375c11:0x3fca4f10 0x4037c7f9:0x3fca4f30 0x4037d646:0x3fca4f50 0x4037eaef:0x3fca4fd0 0x4037d70c:0x3fca4ff0 0x4037d702:0x3fca5010 0x40377d1b:0x00000001 |<-CORRUPTED




ELF file SHA256: 9b76f4e0e

Rebooting...
ESP-ROM:esp32s3-20210327
Build:Mar 27 2021
rst:0xc (RTC_SW_CPU_RST),boot:0x8 (SPI_FAST_FLASH_BOOT)
Saved PC:0x40375b50
SPIWP:0xee
mode:DIO, clock div:1
load:0x3fce2810,len:0x15a0
load:0x403c8700,len:0x4
load:0x403c8704,len:0xd20
load:0x403cb700,len:0x2ee4
entry 0x403c8928
[0;32mI (31) boot: ESP-IDF v5.4 2nd stage bootloader[0m
[0;32mI (31) boot: compile time Feb  8 2025 16:06:03[0m
[0;32mI (31) boot: Multicore bootloader[0m
[0;32mI (31) boot: chip revision: v0.2[0m
[0;32mI (34) boot: efuse block revision: v1.3[0m
[0;32mI (38) boot.esp32s3: Boot SPI Speed : 80MHz[0m
[0;32mI (42) boot.esp32s3: SPI Mode       : DIO[0m
[0;32mI (45) boot.esp32s3: SPI Flash Size : 2MB[0m
[0;32mI (49) boot: Enabling RNG early entropy source...[0m
[0;32mI (54) boot: Partition Table:[0m
[0;32mI (56) boot: ## Label            Usage          Type ST Offset   Length[0m
[0;32mI (62) boot:  0 nvs              WiFi data        01 02 00009000 00006000[0m
[0;32mI (69) boot:  1 phy_init         RF data          01 01 0000f000 00001000[0m
[0;32mI (75) boot:  2 factory          factory app      00 00 00010000 00100000[0m
[0;32mI (82) boot: End of partition table[0m
[0;32mI (85) esp_image: segment 0: paddr=00010020 vaddr=3c080020 size=18488h ( 99464) map[0m
[0;32mI (110) esp_image: segment 1: paddr=000284b0 vaddr=3fc99c00 size=04948h ( 18760) load[0m
[0;32mI (114) esp_image: segment 2: paddr=0002ce00 vaddr=40374000 size=03218h ( 12824) load[0m
[0;32mI (117) esp_image: segment 3: paddr=00030020 vaddr=42000020 size=7d2cch (512716) map[0m
[0;32mI (212) esp_image: segment 4: paddr=000ad2f4 vaddr=40377218 size=1298ch ( 76172) load[0m
[0;32mI (229) esp_image: segment 5: paddr=000bfc88 vaddr=600fe100 size=0001ch (    28) load[0m
[0;32mI (238) boot: Loaded app from partition at offset 0x10000[0m
[0;32mI (238) boot: Disabling RNG early entropy source...[0m
[0;32mI (248) cpu_start: Multicore app[0m
[0;32mI (257) cpu_start: Pro cpu start user code[0m
[0;32mI (257) cpu_start: cpu freq: 160000000 Hz[0m
[0;32mI (257) app_init: Application information:[0m
[0;32mI (257) app_init: Project name:     wifi_scan[0m
[0;32mI (261) app_init: App version:      91ab1ac-dirty[0m
[0;32mI (265) app_init: Compile time:     Feb  8 2025 16:02:26[0m
[0;32mI (270) app_init: ELF file SHA256:  9b76f4e0e...[0m
[0;32mI (275) app_init: ESP-IDF:          v5.4[0m
[0;32mI (278) efuse_init: Min chip rev:     v0.0[0m
[0;32mI (282) efuse_init: Max chip rev:     v0.99 [0m
[0;32mI (286) efuse_init: Chip rev:         v0.2[0m
[0;32mI (290) heap_init: Initializing. RAM available for dynamic allocation:[0m
[0;32mI (296) heap_init: At 3FCA2138 len 000475D8 (285 KiB): RAM[0m
[0;32mI (302) heap_init: At 3FCE9710 len 00005724 (21 KiB): RAM[0m
[0;32mI (307) heap_init: At 3FCF0000 len 00008000 (32 KiB): DRAM[0m
[0;32mI (312) heap_init: At 600FE11C len 00001ECC (7 KiB): RTCRAM[0m
[0;32mI (318) spi_flash: detected chip: gd[0m
[0;32mI (320) spi_flash: flash io: dio[0m
[0;33mW (323) spi_flash: Detected size(16384k) larger than the size in the binary image header(2048k). Using the size in the binary image header.[0m
[0;32mI (336) sleep_gpio: Configure to isolate all GPIO pins in sleep state[0m
[0;32mI (342) sleep_gpio: Enable automatic switching of GPIO sleep configuration[0m
[0;32mI (349) main_task: Started on CPU0[0m
[0;32mI (369) main_task: Calling app_main()[0m
[0;32mI (379) pp: pp rom version: e7ae62f[0m
[0;32mI (379) net80211: net80211 rom version: e7ae62f[0m

***ERROR*** A stack overflow in task main has been detected.


Backtrace: 0x40375c11:0x3fca4f10 0x4037c7f9:0x3fca4f30 0x4037d646:0x3fca4f50 0x4037eaef:0x3fca4fd0 0x4037d70c:0x3fca4ff0 0x4037d702:0x3fca5010 0x40377d1b:0x00000001 |<-CORRUPTED




ELF file SHA256: 9b76f4e0e

Rebooting...
ESP-ROM:esp32s3-20210327
Build:Mar 27 2021
rst:0xc (RTC_SW_CPU_RST),boot:0x8 (SPI_FAST_FLASH_BOOT)
Saved PC:0x40375b50
SPIWP:0xee
mode:DIO, clock div:1
load:0x3fce2810,len:0x15a0
load:0x403c8700,len:0x4
load:0x403c8704,len:0xd20
load:0x403cb700,len:0x2ee4
entry 0x403c8928
[0;32mI (31) boot: ESP-IDF v5.4 2nd stage bootloader[0m
[0;32mI (31) boot: compile time Feb  8 2025 16:06:03[0m
[0;32mI (31) boot: Multicore bootloader[0m
[0;32mI (31) boot: chip revision: v0.2[0m
[0;32mI (34) boot: efuse block revision: v1.3[0m
[0;32mI (38) boot.esp32s3: Boot SPI Speed : 80MHz[0m
[0;32mI (42) boot.esp32s3: SPI Mode       : DIO[0m
[0;32mI (45) boot.esp32s3: SPI Flash Size : 2MB[0m
[0;32mI (49) boot: Enabling RNG early entropy source...[0m
[0;32mI (54) boot: Partition Table:[0m
[0;32mI (56) boot: ## Label            Usage          Type ST Offset   Length[0m
[0;32mI (62) boot:  0 nvs              WiFi data        01 02 00009000 00006000[0m
[0;32mI (69) boot:  1 phy_init         RF data          01 01 0000f000 00001000[0m
[0;32mI (75) boot:  2 factory          factory app      00 00 00010000 00100000[0m
[0;32mI (82) boot: End of partition table[0m
[0;32mI (85) esp_image: segment 0: paddr=00010020 vaddr=3c080020 size=18488h ( 99464) map[0m
[0;32mI (110) esp_image: segment 1: paddr=000284b0 vaddr=3fc99c00 size=04948h ( 18760) load[0m
[0;32mI (114) esp_image: segment 2: paddr=0002ce00 vaddr=40374000 size=03218h ( 12824) load[0m
[0;32mI (117) esp_image: segment 3: paddr=00030020 vaddr=42000020 size=7d2cch (512716) map[0m
[0;32mI (212) esp_image: segment 4: paddr=000ad2f4 vaddr=40377218 size=1298ch ( 76172) load[0m
[0;32mI (229) esp_image: segment 5: paddr=000bfc88 vaddr=600fe100 size=0001ch (    28) load[0m
[0;32mI (238) boot: Loaded app from partition at offset 0x10000[0m
[0;32mI (238) boot: Disabling RNG early entropy source...[0m
[0;32mI (248) cpu_start: Multicore app[0m
[0;32mI (257) cpu_start: Pro cpu start user code[0m
[0;32mI (257) cpu_start: cpu freq: 160000000 Hz[0m
[0;32mI (257) app_init: Application information:[0m
[0;32mI (257) app_init: Project name:     wifi_scan[0m
[0;32mI (261) app_init: App version:      91ab1ac-dirty[0m
[0;32mI (265) app_init: Compile time:     Feb  8 2025 16:02:26[0m
[0;32mI (270) app_init: ELF file SHA256:  9b76f4e0e...[0m
[0;32mI (275) app_init: ESP-IDF:          v5.4[0m
[0;32mI (278) efuse_init: Min chip rev:     v0.0[0m
[0;32mI (282) efuse_init: Max chip rev:     v0.99 [0m
[0;32mI (286) efuse_init: Chip rev:         v0.2[0m
[0;32mI (290) heap_init: Initializing. RAM available for dynamic allocation:[0m
[0;32mI (296) heap_init: At 3FCA2138 len 000475D8 (285 KiB): RAM[0m
[0;32mI (302) heap_init: At 3FCE9710 len 00005724 (21 KiB): RAM[0m
[0;32mI (307) heap_init: At 3FCF0000 len 00008000 (32 KiB): DRAM[0m
[0;32mI (312) heap_init: At 600FE11C len 00001ECC (7 KiB): RTCRAM[0m
[0;32mI (318) spi_flash: detected chip: gd[0m
[0;32mI (320) spi_flash: flash io: dio[0m
[0;33mW (323) spi_flash: Detected size(16384k) larger than the size in the binary image header(2048k). Using the size in the binary image header.[0m
[0;32mI (336) sleep_gpio: Configure to isolate all GPIO pins in sleep state[0m
[0;32mI (342) sleep_gpio: Enable automatic switching of GPIO sleep configuration[0m
[0;32mI (349) main_task: Started on CPU0[0m
[0;32mI (369) main_task: Calling app_main()[0m
[0;32mI (379) pp: pp rom version: e7ae62f[0m
[0;32mI (379) net80211: net80211 rom version: e7ae62f[0m

***ERROR*** A stack overflow in task main has been detected.


Backtrace: 0x40375c11:0x3fca4f10 0x4037c7f9:0x3fca4f30 0x4037d646:0x3fca4f50 0x4037eaef:0x3fca4fd0 0x4037d70c:0x3fca4ff0 0x4037d702:0x3fca5010 0x40377d1b:0x00000001 |<-CORRUPTED




ELF file SHA256: 9b76f4e0e

Rebooting...
ESP-ROM:esp32s3-20210327
Build:Mar 27 2021
rst:0xc (RTC_SW_CPU_RST),boot:0x8 (SPI_FAST_FLASH_BOOT)
Saved PC:0x40375b50
SPIWP:0xee
mode:DIO, clock div:1
load:0x3fce2810,len:0x15a0
load:0x403c8700,len:0x4
load:0x403c8704,len:0xd20
load:0x403cb700,len:0x2ee4
entry 0x403c8928
[0;32mI (31) boot: ESP-IDF v5.4 2nd stage bootloader[0m
[0;32mI (31) boot: compile time Feb  8 2025 16:06:03[0m
[0;32mI (31) boot: Multicore bootloader[0m
[0;32mI (31) boot: chip revision: v0.2[0m
[0;32mI (34) boot: efuse block revision: v1.3[0m
[0;32mI (38) boot.esp32s3: Boot SPI Speed : 80MHz[0m
[0;32mI (42) boot.esp32s3: SPI Mode       : DIO[0m
[0;32mI (45) boot.esp32s3: SPI Flash Size : 2MB[0m
[0;32mI (49) boot: Enabling RNG early entropy source...[0m
[0;32mI (54) boot: Partition Table:[0m
[0;32mI (56) boot: ## Label            Usage          Type ST Offset   Length[0m
[0;32mI (62) boot:  0 nvs              WiFi data        01 02 00009000 00006000[0m
[0;32mI (69) boot:  1 phy_init         RF data          01 01 0000f000 00001000[0m
[0;32mI (75) boot:  2 factory          factory app      00 00 00010000 00100000[0m
[0;32mI (82) boot: End of partition table[0m
[0;32mI (85) esp_image: segment 0: paddr=00010020 vaddr=3c080020 size=18488h ( 99464) map[0m
[0;32mI (110) esp_image: segment 1: paddr=000284b0 vaddr=3fc99c00 size=04948h ( 18760) load[0m
[0;32mI (114) esp_image: segment 2: paddr=0002ce00 vaddr=40374000 size=03218h ( 12824) load[0m
[0;32mI (117) esp_image: segment 3: paddr=00030020 vaddr=42000020 size=7d2cch (512716) map[0m
[0;32mI (212) esp_image: segment 4: paddr=000ad2f4 vaddr=40377218 size=1298ch ( 76172) load[0m
[0;32mI (229) esp_image: segment 5: paddr=000bfc88 vaddr=600fe100 size=0001ch (    28) load[0m
[0;32mI (238) boot: Loaded app from partition at offset 0x10000[0m
[0;32mI (238) boot: Disabling RNG early entropy source...[0m
[0;32mI (248) cpu_start: Multicore app[0m
[0;32mI (257) cpu_start: Pro cpu start user code[0m
[0;32mI (257) cpu_start: cpu freq: 160000000 Hz[0m
[0;32mI (257) app_init: Application information:[0m
[0;32mI (257) app_init: Project name:     wifi_scan[0m
[0;32mI (261) app_init: App version:      91ab1ac-dirty[0m
[0;32mI (265) app_init: Compile time:     Feb  8 2025 16:02:26[0m
[0;32mI (270) app_init: ELF file SHA256:  9b76f4e0e...[0m
[0;32mI (275) app_init: ESP-IDF:          v5.4[0m
[0;32mI (278) efuse_init: Min chip rev:     v0.0[0m
[0;32mI (282) efuse_init: Max chip rev:     v0.99 [0m
[0;32mI (286) efuse_init: Chip rev:         v0.2[0m
[0;32mI (290) heap_init: Initializing. RAM available for dynamic allocation:[0m
[0;32mI (296) heap_init: At 3FCA2138 len 000475D8 (285 KiB): RAM[0m
[0;32mI (302) heap_init: At 3FCE9710 len 00005724 (21 KiB): RAM[0m
[0;32mI (307) heap_init: At 3FCF0000 len 00008000 (32 KiB): DRAM[0m
[0;32mI (312) heap_init: At 600FE11C len 00001ECC (7 KiB): RTCRAM[0m
[0;32mI (318) spi_flash: detected chip: gd[0m
[0;32mI (320) spi_flash: flash io: dio[0m
[0;33mW (323) spi_flash: Detected size(16384k) larger than the size in the binary image header(2048k). Using the size in the binary image header.[0m
[0;32mI (336) sleep_gpio: Configure to isolate all GPIO pins in sleep state[0m
[0;32mI (342) sleep_gpio: Enable automatic switching of GPIO sleep configuration[0m
[0;32mI (349) main_task: Started on CPU0[0m
[0;32mI (369) main_task: Calling app_main()[0m
[0;32mI (379) pp: pp rom version: e7ae62f[0m
[0;32mI (379) net80211: net80211 rom version: e7ae62f[0m

***ERROR*** A stack overflow in task main has been detected.


Backtrace: 0x40375c11:0x3fca4f10 0x4037c7f9:0x3fca4f30 0x4037d646:0x3fca4f50 0x4037eaef:0x3fca4fd0 0x4037d70c:0x3fca4ff0 0x4037d702:0x3fca5010 0x40377d1b:0x00000001 |<-CORRUPTED




ELF file SHA256: 9b76f4e0e

Rebooting...
ESP-ROM:esp32s3-20210327
Build:Mar 27 2021
rst:0xc (RTC_SW_CPU_RST),boot:0x8 (SPI_FAST_FLASH_BOOT)
Saved PC:0x40375b50
SPIWP:0xee
mode:DIO, clock div:1
load:0x3fce2810,len:0x15a0
load:0x403c8700,len:0x4
load:0x403c8704,len:0xd20
load:0x403cb700,len:0x2ee4
entry 0x403c8928
[0;32mI (31) boot: ESP-IDF v5.4 2nd stage bootloader[0m
[0;32mI (31) boot: compile time Feb  8 2025 16:06:03[0m
[0;32mI (31) boot: Multicore bootloader[0m
[0;32mI (31) boot: chip revision: v0.2[0m
[0;32mI (34) boot: efuse block revision: v1.3[0m
[0;32mI (38) boot.esp32s3: Boot SPI Speed : 80MHz[0m
[0;32mI (42) boot.esp32s3: SPI Mode       : DIO[0m
[0;32mI (45) boot.esp32s3: SPI Flash Size : 2MB[0m
[0;32mI (49) boot: Enabling RNG early entropy source...[0m
[0;32mI (54) boot: Partition Table:[0m
[0;32mI (56) boot: ## Label            Usage          Type ST Offset   Length[0m
[0;32mI (62) boot:  0 nvs              WiFi data        01 02 00009000 00006000[0m
[0;32mI (69) boot:  1 phy_init         RF data          01 01 0000f000 00001000[0m
[0;32mI (75) boot:  2 factory          factory app      00 00 00010000 00100000[0m
[0;32mI (82) boot: End of partition table[0m
[0;32mI (85) esp_image: segment 0: paddr=00010020 vaddr=3c080020 size=18488h ( 99464) map[0m
[0;32mI (110) esp_image: segment 1: paddr=000284b0 vaddr=3fc99c00 size=04948h ( 18760) load[0m
[0;32mI (114) esp_image: segment 2: paddr=0002ce00 vaddr=40374000 size=03218h ( 12824) load[0m
[0;32mI (117) esp_image: segment 3: paddr=00030020 vaddr=42000020 size=7d2cch (512716) map[0m
[0;32mI (212) esp_image: segment 4: paddr=000ad2f4 vaddr=40377218 size=1298ch ( 76172) load[0m
[0;32mI (229) esp_image: segment 5: paddr=000bfc88 vaddr=600fe100 size=0001ch (    28) load[0m
[0;32mI (238) boot: Loaded app from partition at offset 0x10000[0m
[0;32mI (238) boot: Disabling RNG early entropy source...[0m
[0;32mI (248) cpu_start: Multicore app[0m
[0;32mI (257) cpu_start: Pro cpu start user code[0m
[0;32mI (257) cpu_start: cpu freq: 160000000 Hz[0m
[0;32mI (257) app_init: Application information:[0m
[0;32mI (257) app_init: Project name:     wifi_scan[0m
[0;32mI (261) app_init: App version:      91ab1ac-dirty[0m
[0;32mI (265) app_init: Compile time:     Feb  8 2025 16:02:26[0m
[0;32mI (270) app_init: ELF file SHA256:  9b76f4e0e...[0m
[0;32mI (275) app_init: ESP-IDF:          v5.4[0m
[0;32mI (278) efuse_init: Min chip rev:     v0.0[0m
[0;32mI (282) efuse_init: Max chip rev:     v0.99 [0m
[0;32mI (286) efuse_init: Chip rev:         v0.2[0m
[0;32mI (290) heap_init: Initializing. RAM available for dynamic allocation:[0m
[0;32mI (296) heap_init: At 3FCA2138 len 000475D8 (285 KiB): RAM[0m
[0;32mI (302) heap_init: At 3FCE9710 len 00005724 (21 KiB): RAM[0m
[0;32mI (307) heap_init: At 3FCF0000 len 00008000 (32 KiB): DRAM[0m
[0;32mI (312) heap_init: At 600FE11C len 00001ECC (7 KiB): RTCRAM[0m
[0;32mI (318) spi_flash: detected chip: gd[0m
[0;32mI (320) spi_flash: flash io: dio[0m
[0;33mW (323) spi_flash: Detected size(16384k) larger than the size in the binary image header(2048k). Using the size in the binary image header.[0m
[0;32mI (336) sleep_gpio: Configure to isolate all GPIO pins in sleep state[0m
[0;32mI (342) sleep_gpio: Enable automatic switching of GPIO sleep configuration[0m
[0;32mI (349) main_task: Started on CPU0[0m
[0;32mI (369) main_task: Calling app_main()[0m
[0;32mI (379) pp: pp rom version: e7ae62f[0m
[0;32mI (379) net80211: net80211 rom version: e7ae62f[0m

***ERROR*** A stack overflow in task main has been detected.


Backtrace: 0x40375c11:0x3fca4f10 0x4037c7f9:0x3fca4f30 0x4037d646:0x3fca4f50 0x4037eaef:0x3fca4fd0 0x4037d70c:0x3fca4ff0 0x4037d702:0x3fca5010 0x40377d1b:0x00000001 |<-CORRUPTED




ELF file SHA256: 9b76f4e0e

Rebooting...
ESP-ROM:esp32s3-20210327
Build:Mar 27 2021
rst:0xc (RTC_SW_CPU_RST),boot:0x8 (SPI_FAST_FLASH_BOOT)
Saved PC:0x40375b50
SPIWP:0xee
mode:DIO, clock div:1
load:0x3fce2810,len:0x15a0
load:0x403c8700,len:0x4
load:0x403c8704,len:0xd20
load:0x403cb700,len:0x2ee4
entry 0x403c8928
[0;32mI (31) boot: ESP-IDF v5.4 2nd stage bootloader[0m
[0;32mI (31) boot: compile time Feb  8 2025 16:06:03[0m
[0;32mI (31) boot: Multicore bootloader[0m
[0;32mI (31) boot: chip revision: v0.2[0m
[0;32mI (34) boot: efuse block revision: v1.3[0m
[0;32mI (38) boot.esp32s3: Boot SPI Speed : 80MHz[0m
[0;32mI (42) boot.esp32s3: SPI Mode       : DIO[0m
[0;32mI (45) boot.esp32s3: SPI Flash Size : 2MB[0m
[0;32mI (49) boot: Enabling RNG early entropy source...[0m
[0;32mI (54) boot: Partition Table:[0m
[0;32mI (56) boot: ## Label            Usage          Type ST Offset   Length[0m
[0;32mI (62) boot:  0 nvs              WiFi data        01 02 00009000 00006000[0m
[0;32mI (69) boot:  1 phy_init         RF data          01 01 0000f000 00001000[0m
[0;32mI (75) boot:  2 factory          factory app      00 00 00010000 00100000[0m
[0;32mI (82) boot: End of partition table[0m
[0;32mI (85) esp_image: segment 0: paddr=00010020 vaddr=3c080020 size=18488h ( 99464) map[0m
[0;32mI (110) esp_image: segment 1: paddr=000284b0 vaddr=3fc99c00 size=04948h ( 18760) load[0m
[0;32mI (114) esp_image: segment 2: paddr=0002ce00 vaddr=40374000 size=03218h ( 12824) load[0m
[0;32mI (117) esp_image: segment 3: paddr=00030020 vaddr=42000020 size=7d2cch (512716) map[0m
[0;32mI (212) esp_image: segment 4: paddr=000ad2f4 vaddr=40377218 size=1298ch ( 76172) load[0m
[0;32mI (229) esp_image: segment 5: paddr=000bfc88 vaddr=600fe100 size=0001ch (    28) load[0m
[0;32mI (238) boot: Loaded app from partition at offset 0x10000[0m
[0;32mI (238) boot: Disabling RNG early entropy source...[0m
[0;32mI (248) cpu_start: Multicore app[0m
[0;32mI (257) cpu_start: Pro cpu start user code[0m
[0;32mI (257) cpu_start: cpu freq: 160000000 Hz[0m
[0;32mI (257) app_init: Application information:[0m
[0;32mI (257) app_init: Project name:     wifi_scan[0m
[0;32mI (261) app_init: App version:      91ab1ac-dirty[0m
[0;32mI (265) app_init: Compile time:     Feb  8 2025 16:02:26[0m
[0;32mI (270) app_init: ELF file SHA256:  9b76f4e0e...[0m
[0;32mI (275) app_init: ESP-IDF:          v5.4[0m
[0;32mI (278) efuse_init: Min chip rev:     v0.0[0m
[0;32mI (282) efuse_init: Max chip rev:     v0.99 [0m
[0;32mI (286) efuse_init: Chip rev:         v0.2[0m
[0;32mI (290) heap_init: Initializing. RAM available for dynamic allocation:[0m
[0;32mI (296) heap_init: At 3FCA2138 len 000475D8 (285 KiB): RAM[0m
[0;32mI (302) heap_init: At 3FCE9710 len 00005724 (21 KiB): RAM[0m
[0;32mI (307) heap_init: At 3FCF0000 len 00008000 (32 KiB): DRAM[0m
[0;32mI (312) heap_init: At 600FE11C len 00001ECC (7 KiB): RTCRAM[0m
[0;32mI (318) spi_flash: detected chip: gd[0m
[0;32mI (320) spi_flash: flash io: dio[0m
[0;33mW (323) spi_flash: Detected size(16384k) larger than the size in the binary image header(2048k). Using the size in the binary image header.[0m
[0;32mI (336) sleep_gpio: Configure to isolate all GPIO pins in sleep state[0m
[0;32mI (342) sleep_gpio: Enable automatic switching of GPIO sleep configuration[0m
[0;32mI (349) main_task: Started on CPU0[0m
[0;32mI (369) main_task: Calling app_main()[0m
[0;32mI (379) pp: pp rom version: e7ae62f[0m
[0;32mI (379) net80211: net80211 rom version: e7ae62f[0m

***ERROR*** A stack overflow in task main has been detected.


Backtrace: 0x40375c11:0x3fca4f10 0x4037c7f9:0x3fca4f30 0x4037d646:0x3fca4f50 0x4037eaef:0x3fca4fd0 0x4037d70c:0x3fca4ff0 0x4037d702:0x3fca5010 0x40377d1b:0x00000001 |<-CORRUPTED
ELF file SHA256: 9b76f4e0e

Rebooting...
ESP-ROM:esp32s3-20210327
Build:Mar 27 2021
rst:0xc (RTC_SW_CPU_RST),boot:0x8 (SPI_FAST_FLASH_BOOT)
Saved PC:0x40375b50
SPIWP:0xee
mode:DIO, clock div:1
load:0x3fce2810,len:0x15a0
load:0x403c8700,len:0x4
load:0x403c8704,len:0xd20
load:0x403cb700,len:0x2ee4
entry 0x403c8928
[0;32mI (31) boot: ESP-IDF v5.4 2nd stage bootloader[0m
[0;32mI (31) boot: compile time Feb  8 2025 16:06:03[0m
[0;32mI (31) boot: Multicore bootloader[0m
[0;32mI (31) boot: chip revision: v0.2[0m
[0;32mI (34) boot: efuse block revision: v1.3[0m
[0;32mI (38) boot.esp32s3: Boot SPI Speed : 80MHz[0m
[0;32mI (42) boot.esp32s3: SPI Mode       : DIO[0m
[0;32mI (45) boot.esp32s3: SPI Flash Size : 2MB[0m
[0;32mI (49) boot: Enabling RNG early entropy source...[0m
[0;32mI (54) boot: Partition Table:[0m
[0;32mI (56) boot: ## Label            Usage          Type ST Offset   Length[0m
[0;32mI (62) boot:  0 nvs              WiFi data        01 02 00009000 00006000[0m
[0;32mI (69) boot:  1 phy_init         RF data          01 01 0000f000 00001000[0m
[0;32mI (75) boot:  2 factory          factory app      00 00 00010000 00100000[0m
[0;32mI (82) boot: End of partition table[0m
[0;32mI (85) esp_image: segment 0: paddr=00010020 vaddr=3c080020 size=18488h ( 99464) map[0m
