ESP-ROM:esp32s3-20210327
Build:Mar 27 2021
rst:0x1 (POWERON),boot:0x8 (SPI_FAST_FLASH_BOOT)
SPIWP:0xee
mode:DIO, clock div:1
load:0x3fce2810,len:0x15a0
load:0x403c8700,len:0x4
load:0x403c8704,len:0xd20
load:0x403cb700,len:0x2ee4
entry 0x403c8928
[0;32mI (27) boot: ESP-IDF v5.4 2nd stage bootloader[0m
[0;32mI (27) boot: compile time Feb  8 2025 16:06:03[0m
[0;32mI (27) boot: Multicore bootloader[0m
[0;32mI (27) boot: chip revision: v0.2[0m
[0;32mI (30) boot: efuse block revision: v1.3[0m
[0;32mI (33) boot.esp32s3: Boot SPI Speed : 80MHz[0m
[0;32mI (37) boot.esp32s3: SPI Mode       : DIO[0m
[0;32mI (41) boot.esp32s3: SPI Flash Size : 2MB[0m
[0;32mI (45) boot: Enabling RNG early entropy source...[0m
[0;32mI (49) boot: Partition Table:[0m
[0;32mI (52) boot: ## Label            Usage          Type ST Offset   Length[0m
[0;32mI (58) boot:  0 nvs              WiFi data        01 02 00009000 00006000[0m
[0;32mI (65) boot:  1 phy_init         RF data          01 01 0000f000 00001000[0m
[0;32mI (71) boot:  2 factory          factory app      00 00 00010000 00100000[0m
[0;32mI (78) boot: End of partition table[0m
[0;32mI (81) esp_image: segment 0: paddr=00010020 vaddr=3c080020 size=18238h ( 98872) map[0m
[0;32mI (106) esp_image: segment 1: paddr=00028260 vaddr=3fc99500 size=04870h ( 18544) load[0m
[0;32mI (110) esp_image: segment 2: paddr=0002cad8 vaddr=40374000 size=03540h ( 13632) load[0m
[0;32mI (113) esp_image: segment 3: paddr=00030020 vaddr=42000020 size=7b654h (505428) map[0m
[0;32mI (206) esp_image: segment 4: paddr=000ab67c vaddr=40377540 size=11f40h ( 73536) load[0m
[0;32mI (222) esp_image: segment 5: paddr=000bd5c4 vaddr=600fe100 size=0001ch (    28) load[0m
[0;32mI (231) boot: Loaded app from partition at offset 0x10000[0m
[0;32mI (231) boot: Disabling RNG early entropy source...[0m
[0;32mI (241) cpu_start: Multicore app[0m
[0;32mI (250) cpu_start: Pro cpu start user code[0m
[0;32mI (250) cpu_start: cpu freq: 160000000 Hz[0m
[0;32mI (250) app_init: Application information:[0m
[0;32mI (250) app_init: Project name:     wifi_scan[0m
[0;32mI (254) app_init: App version:      91ab1ac-dirty[0m
[0;32mI (259) app_init: Compile time:     Feb  8 2025 16:02:26[0m
[0;32mI (264) app_init: ELF file SHA256:  78728fe57...[0m
[0;32mI (268) app_init: ESP-IDF:          v5.4[0m
[0;32mI (272) efuse_init: Min chip rev:     v0.0[0m
[0;32mI (276) efuse_init: Max chip rev:     v0.99 [0m
[0;32mI (280) efuse_init: Chip rev:         v0.2[0m
[0;32mI (284) heap_init: Initializing. RAM available for dynamic allocation:[0m
[0;32mI (290) heap_init: At 3FCA1950 len 00047DC0 (287 KiB): RAM[0m
[0;32mI (295) heap_init: At 3FCE9710 len 00005724 (21 KiB): RAM[0m
[0;32mI (300) heap_init: At 3FCF0000 len 00008000 (32 KiB): DRAM[0m
[0;32mI (305) heap_init: At 600FE11C len 00001ECC (7 KiB): RTCRAM[0m
[0;32mI (312) spi_flash: detected chip: gd[0m
[0;32mI (314) spi_flash: flash io: dio[0m
[0;33mW (317) spi_flash: Detected size(16384k) larger than the size in the binary image header(2048k). Using the size in the binary image header.[0m
[0;32mI (330) sleep_gpio: Configure to isolate all GPIO pins in sleep state[0m
[0;32mI (336) sleep_gpio: Enable automatic switching of GPIO sleep configuration[0m
[0;32mI (342) main_task: Started on CPU0[0m
[0;32mI (362) main_task: Calling app_main()[0m
[0;32mI (362) pp: pp rom version: e7ae62f[0m
[0;32mI (362) net80211: net80211 rom version: e7ae62f[0m
[0;33mW (362) wifi:wifi osi_nvs_open fail ret=4353[0m

[0;33mW (362) wifi_init: Failed to unregister Rx callbacks[0m
[1;31mE (372) wifi_init: Failed to deinit Wi-Fi driver (0x3001)[0m
[1;31mE (372) wifi_init: Failed to deinit Wi-Fi (0x3001)[0m
ESP_ERROR_CHECK failed: esp_err_t 0x1101 (ESP_ERR_NVS_NOT_INITIALIZED) at 0x42007cbc
file: "./main/main.c" line 25
func: app_main
expression: esp_wifi_init(&cfg)

abort() was called at PC 0x4037c0cb on core 0


Backtrace: 0x40375be5:0x3fca5230 0x4037c0d5:0x3fca5250 0x40384145:0x3fca5270 0x4037c0cb:0x3fca52e0 0x42007cbc:0x3fca5310 0x4207990b:0x3fca5450 0x4037cb3d:0x3fca5480




ELF file SHA256: 78728fe57

Rebooting...
ï¿½ï¿½ï¿½ESP-ROM:esp32s3-20210327
Build:Mar 27 2021
rst:0xc (RTC_SW_CPU_RST),boot:0x8 (SPI_FAST_FLASH_BOOT)
Saved PC:0x40375b24
SPIWP:0xee
mode:DIO, clock div:1
load:0x3fce2810,len:0x15a0
load:0x403c8700,len:0x4
load:0x403c8704,len:0xd20
load:0x403cb700,len:0x2ee4
entry 0x403c8928
[0;32mI (31) boot: ESP-IDF v5.4 2nd stage bootloader[0m
[0;32mI (31) boot: compile time Feb  8 2025 16:06:03[0m
[0;32mI (31) boot: Multicore bootloader[0m
[0;32mI (31) boot: chip revision: v0.2[0m
[0;32mI (34) boot: efuse block revision: v1.3[0m
[0;32mI (38) boot.esp32s3: Boot SPI Speed : 80MHz[0m
[0;32mI (42) boot.esp32s3: SPI Mode       : DIO[0m
[0;32mI (45) boot.esp32s3: SPI Flash Size : 2MB[0m
[0;32mI (49) boot: Enabling RNG early entropy source...[0m
[0;32mI (54) boot: Partition Table:[0m
[0;32mI (56) boot: ## Label            Usage          Type ST Offset   Length[0m
[0;32mI (62) boot:  0 nvs              WiFi data        01 02 00009000 00006000[0m
[0;32mI (69) boot:  1 phy_init         RF data          01 01 0000f000 00001000[0m
[0;32mI (75) boot:  2 factory          factory app      00 00 00010000 00100000[0m
[0;32mI (82) boot: End of partition table[0m
[0;32mI (85) esp_image: segment 0: paddr=00010020 vaddr=3c080020 size=18238h ( 98872) map[0m
[0;32mI (110) esp_image: segment 1: paddr=00028260 vaddr=3fc99500 size=04870h ( 18544) load[0m
[0;32mI (114) esp_image: segment 2: paddr=0002cad8 vaddr=40374000 size=03540h ( 13632) load[0m
[0;32mI (118) esp_image: segment 3: paddr=00030020 vaddr=42000020 size=7b654h (505428) map[0m
[0;32mI (211) esp_image: segment 4: paddr=000ab67c vaddr=40377540 size=11f40h ( 73536) load[0m
[0;32mI (227) esp_image: segment 5: paddr=000bd5c4 vaddr=600fe100 size=0001ch (    28) load[0m
[0;32mI (235) boot: Loaded app from partition at offset 0x10000[0m
[0;32mI (236) boot: Disabling RNG early entropy source...[0m
[0;32mI (246) cpu_start: Multicore app[0m
[0;32mI (255) cpu_start: Pro cpu start user code[0m
[0;32mI (255) cpu_start: cpu freq: 160000000 Hz[0m
[0;32mI (255) app_init: Application information:[0m
[0;32mI (255) app_init: Project name:     wifi_scan[0m
[0;32mI (259) app_init: App version:      91ab1ac-dirty[0m
[0;32mI (263) app_init: Compile time:     Feb  8 2025 16:02:26[0m
[0;32mI (268) app_init: ELF file SHA256:  78728fe57...[0m
[0;32mI (273) app_init: ESP-IDF:          v5.4[0m
[0;32mI (276) efuse_init: Min chip rev:     v0.0[0m
[0;32mI (280) efuse_init: Max chip rev:     v0.99 [0m
[0;32mI (284) efuse_init: Chip rev:         v0.2[0m
[0;32mI (288) heap_init: Initializing. RAM available for dynamic allocation:[0m
[0;32mI (294) heap_init: At 3FCA1950 len 00047DC0 (287 KiB): RAM[0m
[0;32mI (299) heap_init: At 3FCE9710 len 00005724 (21 KiB): RAM[0m
[0;32mI (305) heap_init: At 3FCF0000 len 00008000 (32 KiB): DRAM[0m
[0;32mI (310) heap_init: At 600FE11C len 00001ECC (7 KiB): RTCRAM[0m
[0;32mI (316) spi_flash: detected chip: gd[0m
[0;32mI (318) spi_flash: flash io: dio[0m
[0;33mW (321) spi_flash: Detected size(16384k) larger than the size in the binary image header(2048k). Using the size in the binary image header.[0m
[0;32mI (334) sleep_gpio: Configure to isolate all GPIO pins in sleep state[0m
[0;32mI (340) sleep_gpio: Enable automatic switching of GPIO sleep configuration[0m
[0;32mI (347) main_task: Started on CPU0[0m
[0;32mI (367) main_task: Calling app_main()[0m
[0;32mI (367) pp: pp rom version: e7ae62f[0m
[0;32mI (367) net80211: net80211 rom version: e7ae62f[0m
[0;33mW (367) wifi:wifi osi_nvs_open fail ret=4353[0m

[0;33mW (367) wifi_init: Failed to unregister Rx callbacks[0m
[1;31mE (377) wifi_init: Failed to deinit Wi-Fi driver (0x3001)[0m
[1;31mE (377) wifi_init: Failed to deinit Wi-Fi (0x3001)[0m
ESP_ERROR_CHECK failed: esp_err_t 0x1101 (ESP_ERR_NVS_NOT_INITIALIZED) at 0x42007cbc
file: "./main/main.c" line 25
func: app_main
expression: esp_wifi_init(&cfg)

abort() was called at PC 0x4037c0cb on core 0


Backtrace: 0x40375be5:0x3fca5230 0x4037c0d5:0x3fca5250 0x40384145:0x3fca5270 0x4037c0cb:0x3fca52e0 0x42007cbc:0x3fca5310 0x4207990b:0x3fca5450 0x4037cb3d:0x3fca5480




ELF file SHA256: 78728fe57

Rebooting...
ï¿½ï¿½ï¿½ESP-ROM:esp32s3-20210327
Build:Mar 27 2021
rst:0xc (RTC_SW_CPU_RST),boot:0x8 (SPI_FAST_FLASH_BOOT)
Saved PC:0x40375b24
SPIWP:0xee
mode:DIO, clock div:1
load:0x3fce2810,len:0x15a0
load:0x403c8700,len:0x4
load:0x403c8704,len:0xd20
load:0x403cb700,len:0x2ee4
entry 0x403c8928
[0;32mI (31) boot: ESP-IDF v5.4 2nd stage bootloader[0m
[0;32mI (31) boot: compile time Feb  8 2025 16:06:03[0m
[0;32mI (31) boot: Multicore bootloader[0m
[0;32mI (31) boot: chip revision: v0.2[0m
[0;32mI (34) boot: efuse block revision: v1.3[0m
[0;32mI (38) boot.esp32s3: Boot SPI Speed : 80MHz[0m
[0;32mI (42) boot.esp32s3: SPI Mode       : DIO[0m
[0;32mI (45) boot.esp32s3: SPI Flash Size : 2MB[0m
[0;32mI (49) boot: Enabling RNG early entropy source...[0m
[0;32mI (54) boot: Partition Table:[0m
[0;32mI (56) boot: ## Label            Usage          Type ST Offset   Length[0m
[0;32mI (62) boot:  0 nvs              WiFi data        01 02 00009000 00006000[0m
[0;32mI (69) boot:  1 phy_init         RF data          01 01 0000f000 00001000[0m
[0;32mI (75) boot:  2 factory          factory app      00 00 00010000 00100000[0m
[0;32mI (82) boot: End of partition table[0m
[0;32mI (85) esp_image: segment 0: paddr=00010020 vaddr=3c080020 size=18238h ( 98872) map[0m
[0;32mI (110) esp_image: segment 1: paddr=00028260 vaddr=3fc99500 size=04870h ( 18544) load[0m
[0;32mI (114) esp_image: segment 2: paddr=0002cad8 vaddr=40374000 size=03540h ( 13632) load[0m
[0;32mI (118) esp_image: segment 3: paddr=00030020 vaddr=42000020 size=7b654h (505428) map[0m
[0;32mI (211) esp_image: segment 4: paddr=000ab67c vaddr=40377540 size=11f40h ( 73536) load[0m
[0;32mI (227) esp_image: segment 5: paddr=000bd5c4 vaddr=600fe100 size=0001ch (    28) load[0m
[0;32mI (235) boot: Loaded app from partition at offset 0x10000[0m
[0;32mI (236) boot: Disabling RNG early entropy source...[0m
[0;32mI (246) cpu_start: Multicore app[0m
[0;32mI (255) cpu_start: Pro cpu start user code[0m
[0;32mI (255) cpu_start: cpu freq: 160000000 Hz[0m
[0;32mI (255) app_init: Application information:[0m
[0;32mI (255) app_init: Project name:     wifi_scan[0m
[0;32mI (259) app_init: App version:      91ab1ac-dirty[0m
[0;32mI (263) app_init: Compile time:     Feb  8 2025 16:02:26[0m
[0;32mI (268) app_init: ELF file SHA256:  78728fe57...[0m
[0;32mI (273) app_init: ESP-IDF:          v5.4[0m
[0;32mI (276) efuse_init: Min chip rev:     v0.0[0m
[0;32mI (280) efuse_init: Max chip rev:     v0.99 [0m
[0;32mI (284) efuse_init: Chip rev:         v0.2[0m
[0;32mI (288) heap_init: Initializing. RAM available for dynamic allocation:[0m
[0;32mI (294) heap_init: At 3FCA1950 len 00047DC0 (287 KiB): RAM[0m
[0;32mI (299) heap_init: At 3FCE9710 len 00005724 (21 KiB): RAM[0m
[0;32mI (305) heap_init: At 3FCF0000 len 00008000 (32 KiB): DRAM[0m
[0;32mI (310) heap_init: At 600FE11C len 00001ECC (7 KiB): RTCRAM[0m
[0;32mI (316) spi_flash: detected chip: gd[0m
[0;32mI (318) spi_flash: flash io: dio[0m
[0;33mW (321) spi_flash: Detected size(16384k) larger than the size in the binary image header(2048k). Using the size in the binary image header.[0m
[0;32mI (334) sleep_gpio: Configure to isolate all GPIO pins in sleep state[0m
[0;32mI (340) sleep_gpio: Enable automatic switching of GPIO sleep configuration[0m
[0;32mI (347) main_task: Started on CPU0[0m
[0;32mI (367) main_task: Calling app_main()[0m
[0;32mI (367) pp: pp rom version: e7ae62f[0m
[0;32mI (367) net80211: net80211 rom version: e7ae62f[0m
[0;33mW (367) wifi:wifi osi_nvs_open fail ret=4353[0m

[0;33mW (367) wifi_init: Failed to unregister Rx callbacks[0m
[1;31mE (377) wifi_init: Failed to deinit Wi-Fi driver (0x3001)[0m
[1;31mE (377) wifi_init: Failed to deinit Wi-Fi (0x3001)[0m
ESP_ERROR_CHECK failed: esp_err_t 0x1101 (ESP_ERR_NVS_NOT_INITIALIZED) at 0x42007cbc
file: "./main/main.c" line 25
func: app_main
expression: esp_wifi_init(&cfg)

abort() was called at PC 0x4037c0cb on core 0


Backtrace: 0x40375be5:0x3fca5230 0x4037c0d5:0x3fca5250 0x40384145:0x3fca5270 0x4037c0cb:0x3fca52e0 0x42007cbc:0x3fca5310 0x4207990b:0x3fca5450 0x4037cb3d:0x3fca5480




ELF file SHA256: 78728fe57

Rebooting...
ï¿½ï¿½ï¿½ESP-ROM:esp32s3-20210327
Build:Mar 27 2021
rst:0xc (RTC_SW_CPU_RST),boot:0x8 (SPI_FAST_FLASH_BOOT)
Saved PC:0x40375b24
SPIWP:0xee
mode:DIO, clock div:1
load:0x3fce2810,len:0x15a0
load:0x403c8700,len:0x4
load:0x403c8704,len:0xd20
load:0x403cb700,len:0x2ee4
entry 0x403c8928
[0;32mI (31) boot: ESP-IDF v5.4 2nd stage bootloader[0m
[0;32mI (31) boot: compile time Feb  8 2025 16:06:03[0m
[0;32mI (31) boot: Multicore bootloader[0m
[0;32mI (31) boot: chip revision: v0.2[0m
[0;32mI (34) boot: efuse block revision: v1.3[0m
[0;32mI (38) boot.esp32s3: Boot SPI Speed : 80MHz[0m
[0;32mI (42) boot.esp32s3: SPI Mode       : DIO[0m
[0;32mI (45) boot.esp32s3: SPI Flash Size : 2MB[0m
[0;32mI (49) boot: Enabling RNG early entropy source...[0m
[0;32mI (54) boot: Partition Table:[0m
[0;32mI (56) boot: ## Label            Usage          Type ST Offset   Length[0m
[0;32mI (62) boot:  0 nvs              WiFi data        01 02 00009000 00006000[0m
[0;32mI (69) boot:  1 phy_init         RF data          01 01 0000f000 00001000[0m
[0;32mI (75) boot:  2 factory          factory app      00 00 00010000 00100000[0m
[0;32mI (82) boot: End of partition table[0m
[0;32mI (85) esp_image: segment 0: paddr=00010020 vaddr=3c080020 size=18238h ( 98872) map[0m
[0;32mI (110) esp_image: segment 1: paddr=00028260 vaddr=3fc99500 size=04870h ( 18544) load[0m
[0;32mI (114) esp_image: segment 2: paddr=0002cad8 vaddr=40374000 size=03540h ( 13632) load[0m
[0;32mI (118) esp_image: segment 3: paddr=00030020 vaddr=42000020 size=7b654h (505428) map[0m
[0;32mI (211) esp_image: segment 4: paddr=000ab67c vaddr=40377540 size=11f40h ( 73536) load[0m
[0;32mI (227) esp_image: segment 5: paddr=000bd5c4 vaddr=600fe100 size=0001ch (    28) load[0m
[0;32mI (235) boot: Loaded app from partition at offset 0x10000[0m
[0;32mI (236) boot: Disabling RNG early entropy source...[0m
[0;32mI (246) cpu_start: Multicore app[0m
[0;32mI (255) cpu_start: Pro cpu start user code[0m
[0;32mI (255) cpu_start: cpu freq: 160000000 Hz[0m
[0;32mI (255) app_init: Application information:[0m
[0;32mI (255) app_init: Project name:     wifi_scan[0m
[0;32mI (259) app_init: App version:      91ab1ac-dirty[0m
[0;32mI (263) app_init: Compile time:     Feb  8 2025 16:02:26[0m
[0;32mI (268) app_init: ELF file SHA256:  78728fe57...[0m
[0;32mI (273) app_init: ESP-IDF:          v5.4[0m
[0;32mI (276) efuse_init: Min chip rev:     v0.0[0m
[0;32mI (280) efuse_init: Max chip rev:     v0.99 [0m
[0;32mI (284) efuse_init: Chip rev:         v0.2[0m
[0;32mI (288) heap_init: Initializing. RAM available for dynamic allocation:[0m
[0;32mI (294) heap_init: At 3FCA1950 len 00047DC0 (287 KiB): RAM[0m
[0;32mI (299) heap_init: At 3FCE9710 len 00005724 (21 KiB): RAM[0m
[0;32mI (305) heap_init: At 3FCF0000 len 00008000 (32 KiB): DRAM[0m
[0;32mI (310) heap_init: At 600FE11C len 00001ECC (7 KiB): RTCRAM[0m
[0;32mI (316) spi_flash: detected chip: gd[0m
[0;32mI (318) spi_flash: flash io: dio[0m
[0;33mW (321) spi_flash: Detected size(16384k) larger than the size in the binary image header(2048k). Using the size in the binary image header.[0m
[0;32mI (334) sleep_gpio: Configure to isolate all GPIO pins in sleep state[0m
[0;32mI (340) sleep_gpio: Enable automatic switching of GPIO sleep configuration[0m
[0;32mI (347) main_task: Started on CPU0[0m
[0;32mI (367) main_task: Calling app_main()[0m
[0;32mI (367) pp: pp rom version: e7ae62f[0m
[0;32mI (367) net80211: net80211 rom version: e7ae62f[0m
[0;33mW (367) wifi:wifi osi_nvs_open fail ret=4353[0m

[0;33mW (367) wifi_init: Failed to unregister Rx callbacks[0m
[1;31mE (377) wifi_init: Failed to deinit Wi-Fi driver (0x3001)[0m
[1;31mE (377) wifi_init: Failed to deinit Wi-Fi (0x3001)[0m
ESP_ERROR_CHECK failed: esp_err_t 0x1101 (ESP_ERR_NVS_NOT_INITIALIZED) at 0x42007cbc
file: "./main/main.c" line 25
func: app_main
expression: esp_wifi_init(&cfg)

abort() was called at PC 0x4037c0cb on core 0


Backtrace: 0x40375be5:0x3fca5230 0x4037c0d5:0x3fca5250 0x40384145:0x3fca5270 0x4037c0cb:0x3fca52e0 0x42007cbc:0x3fca5310 0x4207990b:0x3fca5450 0x4037cb3d:0x3fca5480




ELF file SHA256: 78728fe57

Rebooting...
ï¿½ï¿½ï¿½ESP-ROM:esp32s3-20210327
Build:Mar 27 2021
rst:0xc (RTC_SW_CPU_RST),boot:0x8 (SPI_FAST_FLASH_BOOT)
Saved PC:0x40375b24
SPIWP:0xee
mode:DIO, clock div:1
load:0x3fce2810,len:0x15a0
load:0x403c8700,len:0x4
load:0x403c8704,len:0xd20
load:0x403cb700,len:0x2ee4
entry 0x403c8928
[0;32mI (31) boot: ESP-IDF v5.4 2nd stage bootloader[0m
[0;32mI (31) boot: compile time Feb  8 2025 16:06:03[0m
[0;32mI (31) boot: Multicore bootloader[0m
[0;32mI (31) boot: chip revision: v0.2[0m
[0;32mI (34) boot: efuse block revision: v1.3[0m
[0;32mI (38) boot.esp32s3: Boot SPI Speed : 80MHz[0m
[0;32mI (42) boot.esp32s3: SPI Mode       : DIO[0m
[0;32mI (45) boot.esp32s3: SPI Flash Size : 2MB[0m
[0;32mI (49) boot: Enabling RNG early entropy source...[0m
[0;32mI (54) boot: Partition Table:[0m
[0;32mI (56) boot: ## Label            Usage          Type ST Offset   Length[0m
[0;32mI (62) boot:  0 nvs              WiFi data        01 02 00009000 00006000[0m
[0;32mI (69) boot:  1 phy_init         RF data          01 01 0000f000 00001000[0m
[0;32mI (75) boot:  2 factory          factory app      00 00 00010000 00100000[0m
[0;32mI (82) boot: End of partition table[0m
[0;32mI (85) esp_image: segment 0: paddr=00010020 vaddr=3c080020 size=18238h ( 98872) map[0m
[0;32mI (110) esp_image: segment 1: paddr=00028260 vaddr=3fc99500 size=04870h ( 18544) load[0m
[0;32mI (114) esp_image: segment 2: paddr=0002cad8 vaddr=40374000 size=03540h ( 13632) load[0m
[0;32mI (118) esp_image: segment 3: paddr=00030020 vaddr=42000020 size=7b654h (505428) map[0m
[0;32mI (211) esp_image: segment 4: paddr=000ab67c vaddr=40377540 size=11f40h ( 73536) load[0m
[0;32mI (227) esp_image: segment 5: paddr=000bd5c4 vaddr=600fe100 size=0001ch (    28) load[0m
[0;32mI (235) boot: Loaded app from partition at offset 0x10000[0m
[0;32mI (236) boot: Disabling RNG early entropy source...[0m
[0;32mI (246) cpu_start: Multicore app[0m
[0;32mI (255) cpu_start: Pro cpu start user code[0m
[0;32mI (255) cpu_start: cpu freq: 160000000 Hz[0m
[0;32mI (255) app_init: Application information:[0m
[0;32mI (255) app_init: Project name:     wifi_scan[0m
[0;32mI (259) app_init: App version:      91ab1ac-dirty[0m
[0;32mI (263) app_init: Compile time:     Feb  8 2025 16:02:26[0m
[0;32mI (268) app_init: ELF file SHA256:  78728fe57...[0m
[0;32mI (273) app_init: ESP-IDF:          v5.4[0m
[0;32mI (276) efuse_init: Min chip rev:     v0.0[0m
[0;32mI (280) efuse_init: Max chip rev:     v0.99 [0m
[0;32mI (284) efuse_init: Chip rev:         v0.2[0m
[0;32mI (288) heap_init: Initializing. RAM available for dynamic allocation:[0m
[0;32mI (294) heap_init: At 3FCA1950 len 00047DC0 (287 KiB): RAM[0m
[0;32mI (299) heap_init: At 3FCE9710 len 00005724 (21 KiB): RAM[0m
[0;32mI (305) heap_init: At 3FCF0000 len 00008000 (32 KiB): DRAM[0m
[0;32mI (310) heap_init: At 600FE11C len 00001ECC (7 KiB): RTCRAM[0m
[0;32mI (316) spi_flash: detected chip: gd[0m
[0;32mI (318) spi_flash: flash io: dio[0m
[0;33mW (321) spi_flash: Detected size(16384k) larger than the size in the binary image header(2048k). Using the size in the binary image header.[0m
[0;32mI (334) sleep_gpio: Configure to isolate all GPIO pins in sleep state[0m
[0;32mI (340) sleep_gpio: Enable automatic switching of GPIO sleep configuration[0m
[0;32mI (347) main_task: Started on CPU0[0m
[0;32mI (367) main_task: Calling app_main()[0m
[0;32mI (367) pp: pp rom version: e7ae62f[0m
[0;32mI (367) net80211: net80211 rom version: e7ae62f[0m
[0;33mW (367) wifi:wifi osi_nvs_open fail ret=4353[0m

[0;33mW (367) wifi_init: Failed to unregister Rx callbacks[0m
[1;31mE (377) wifi_init: Failed to deinit Wi-Fi driver (0x3001)[0m
[1;31mE (377) wifi_init: Failed to deinit Wi-Fi (0x3001)[0m
ESP_ERROR_CHECK failed: esp_err_t 0x1101 (ESP_ERR_NVS_NOT_INITIALIZED) at 0x42007cbc
file: "./main/main.c" line 25
func: app_main
expression: esp_wifi_init(&cfg)

abort() was called at PC 0x4037c0cb on core 0
Backtrace: 0x40375be5:0x3fca5230 0x4037c0d5:0x3fca5250 0x40384145:0x3fca5270 0x4037c0cb:0x3fca52e0 0x42007cbc:0x3fca5310 0x4207990b:0x3fca5450 0x4037cb3d:0x3fca5480




ELF file SHA256: 78728fe57

Rebooting...
ï¿½ï¿½ï¿½ESP-ROM:esp32s3-20210327
Build:Mar 27 2021
rst:0xc (RTC_SW_CPU_RST),boot:0x8 (SPI_FAST_FLASH_BOOT)
Saved PC:0x40375b24
SPIWP:0xee
mode:DIO, clock div:1
load:0x3fce2810,len:0x15a0
load:0x403c8700,len:0x4
load:0x403c8704,len:0xd20
load:0x403cb700,len:0x2ee4
entry 0x403c8928
[0;32mI (31) boot: ESP-IDF v5.4 2nd stage bootloader[0m
[0;32mI (31) boot: compile time Feb  8 2025 16:06:03[0m
[0;32mI (31) boot: Multicore bootloader[0m
[0;32mI (31) boot: chip revision: v0.2[0m
[0;32mI (34) boot: efuse block revision: v1.3[0m
[0;32mI (38) boot.esp32s3: Boot SPI Speed : 80MHz[0m
[0;32mI (42) boot.esp32s3: SPI Mode       : DIO[0m
[0;32mI (45) boot.esp32s3: SPI Flash Size : 2MB[0m
[0;32mI (49) boot: Enabling RNG early entropy source...[0m
[0;32mI (54) boot: Partition Table:[0m
[0;32mI (56) boot: ## Label            Usage          Type ST Offset   Length[0m
[0;32mI (62) boot:  0 nvs              WiFi data        01 02 00009000 00006000[0m
[0;32mI (69) boot:  1 phy_init         RF data          01 01 0000f000 00001000[0m
[0;32mI (75) boot:  2 factory          factory app      00 00 00010000 00100000[0m
[0;32mI (82) boot: End of partition table[0m
[0;32mI (85) esp_image: segment 0: paddr=00010020 vaddr=3c080020 size=18238h ( 98872) map[0m
[0;32mI (110) esp_image: segment 1: paddr=00028260 vaddr=3fc99500 size=04870h ( 18544) load[0m
[0;32mI (114) esp_image: segment 2: paddr=0002cad8 vaddr=40374000 size=03540h ( 13632) load[0m
[0;32mI (118) esp_image: segment 3: paddr=00030020 vaddr=42000020 size=7b654h (505428) map[0m
[0;32mI (211) esp_image: segment 4: paddr=000ab67c vaddr=40377540 size=11f40h ( 73536) load[0m
[0;32mI (227) esp_image: segment 5: paddr=000bd5c4 vaddr=600fe100 size=0001ch (    28) load[0m
[0;32mI (235) boot: Loaded app from partition at offset 0x10000[0m
[0;32mI (236) boot: Disabling RNG early entropy source...[0m
[0;32mI (246) cpu_start: Multicore app[0m
[0;32mI (255) cpu_start: Pro cpu start user code[0m
[0;32mI (255) cpu_start: cpu freq: 160000000 Hz[0m
[0;32mI (255) app_init: Application information:[0m
[0;32mI (255) app_init: Project name:     wifi_scan[0m
[0;32mI (259) app_init: App version:      91ab1ac-dirty[0m
[0;32mI (263) app_init: Compile time:     Feb  8 2025 16:02:26[0m
[0;32mI (268) app_init: ELF file SHA256:  78728fe57...[0m
[0;32mI (273) app_init: ESP-IDF:          v5.4[0m
[0;32mI (276) efuse_init: Min chip rev:     v0.0[0m
[0;32mI (280) efuse_init: Max chip rev:     v0.99 [0m
[0;32mI (284) efuse_init: Chip rev:         v0.2[0m
[0;32mI (288) heap_init: Initializing. RAM available for dynamic allocation:[0m
[0;32mI (294) heap_init: At 3FCA1950 len 00047DC0 (287 KiB): RAM[0m
[0;32mI (299) heap_init: At 3FCE9710 len 00005724 (21 KiB): RAM[0m
[0;32mI (305) heap_init: At 3FCF0000 len 00008000 (32 KiB): DRAM[0m
[0;32mI (310) heap_init: At 600FE11C len 00001ECC (7 KiB): RTCRAM[0m
[0;32mI (316) spi_flash: detected chip: gd[0m
[0;32mI (318) spi_flash: flash io: dio[0m
[0;33mW (321) spi_flash: Detected size(16384k) larger than the size in the binary image header(2048k). Using the size in the binary image header.[0m
[0;32mI (334) sleep_gpio: Configure to isolate all GPIO pins in sleep state[0m
[0;32mI (340) sleep_gpio: Enable automatic switching of GPIO sleep configuration[0m
[0;32mI (347) main_task: Started on CPU0[0m
[0;32mI (367) main_task: Calling app_main()[0m
[0;32mI (367) pp: pp rom version: e7ae62f[0m
[0;32mI (367) net80211: net80211 rom version: e7ae62f[0m
[0;33mW (367) wifi:wifi osi_nvs_open fail ret=4353[0m

[0;33mW (367) wifi_init: Failed to unregister Rx callbacks[0m
[1;31mE (377) wifi_init: Failed to deinit Wi-Fi driver (0x3001)[0m
[1;31mE (377) wifi_init: Failed to deinit Wi-Fi (0x3001)[0m
ESP_ERROR_CHECK failed: esp_err_t 0x1101 (ESP_ERR_NVS_NOT_INITIALIZED) at 0x42007cbc
file: "./main/main.c" line 25
func: app_main
expression: esp_wifi_init(&cfg)

abort() was called at PC 0x4037c0cb on core 0


Backtrace: 0x40375be5:0x3fca5230 0x4037c0d5:0x3fca5250 0x40384145:0x3fca5270 0x4037c0cb:0x3fca52e0 0x42007cbc:0x3fca5310 0x4207990b:0x3fca5450 0x4037cb3d:0x3fca5480




ELF file SHA256: 78728fe57

Rebooting...
ï¿½ï¿½ï¿½ESP-ROM:esp32s3-20210327
Build:Mar 27 2021
rst:0xc (RTC_SW_CPU_RST),boot:0x8 (SPI_FAST_FLASH_BOOT)
Saved PC:0x40375b24
SPIWP:0xee
mode:DIO, clock div:1
load:0x3fce2810,len:0x15a0
load:0x403c8700,len:0x4
load:0x403c8704,len:0xd20
load:0x403cb700,len:0x2ee4
entry 0x403c8928
[0;32mI (31) boot: ESP-IDF v5.4 2nd stage bootloader[0m
[0;32mI (31) boot: compile time Feb  8 2025 16:06:03[0m
[0;32mI (31) boot: Multicore bootloader[0m
[0;32mI (31) boot: chip revision: v0.2[0m
[0;32mI (34) boot: efuse block revision: v1.3[0m
[0;32mI (38) boot.esp32s3: Boot SPI Speed : 80MHz[0m
[0;32mI (42) boot.esp32s3: SPI Mode       : DIO[0m
[0;32mI (45) boot.esp32s3: SPI Flash Size : 2MB[0m
[0;32mI (49) boot: Enabling RNG early entropy source...[0m
[0;32mI (54) boot: Partition Table:[0m
[0;32mI (56) boot: ## Label            Usage          Type ST Offset   Length[0m
[0;32mI (62) boot:  0 nvs              WiFi data        01 02 00009000 00006000[0m
[0;32mI (69) boot:  1 phy_init         RF data          01 01 0000f000 00001000[0m
[0;32mI (75) boot:  2 factory          factory app      00 00 00010000 00100000[0m
[0;32mI (82) boot: End of partition table[0m
[0;32mI (85) esp_image: segment 0: paddr=00010020 vaddr=3c080020 size=18238h ( 98872) map[0m
[0;32mI (110) esp_image: segment 1: paddr=00028260 vaddr=3fc99500 size=04870h ( 18544) load[0m
[0;32mI (114) esp_image: segment 2: paddr=0002cad8 vaddr=40374000 size=03540h ( 13632) load[0m
[0;32mI (118) esp_image: segment 3: paddr=00030020 vaddr=42000020 size=7b654h (505428) map[0m
[0;32mI (211) esp_image: segment 4: paddr=000ab67c vaddr=40377540 size=11f40h ( 73536) load[0m
[0;32mI (227) esp_image: segment 5: paddr=000bd5c4 vaddr=600fe100 size=0001ch (    28) load[0m
[0;32mI (235) boot: Loaded app from partition at offset 0x10000[0m
[0;32mI (236) boot: Disabling RNG early entropy source...[0m
[0;32mI (246) cpu_start: Multicore app[0m
[0;32mI (255) cpu_start: Pro cpu start user code[0m
[0;32mI (255) cpu_start: cpu freq: 160000000 Hz[0m
[0;32mI (255) app_init: Application information:[0m
[0;32mI (255) app_init: Project name:     wifi_scan[0m
[0;32mI (259) app_init: App version:      91ab1ac-dirty[0m
[0;32mI (263) app_init: Compile time:     Feb  8 2025 16:02:26[0m
[0;32mI (268) app_init: ELF file SHA256:  78728fe57...[0m
[0;32mI (273) app_init: ESP-IDF:          v5.4[0m
[0;32mI (276) efuse_init: Min chip rev:     v0.0[0m
[0;32mI (280) efuse_init: Max chip rev:     v0.99 [0m
[0;32mI (284) efuse_init: Chip rev:         v0.2[0m
[0;32mI (288) heap_init: Initializing. RAM available for dynamic allocation:[0m
[0;32mI (294) heap_init: At 3FCA1950 len 00047DC0 (287 KiB): RAM[0m
[0;32mI (299) heap_init: At 3FCE9710 len 00005724 (21 KiB): RAM[0m
[0;32mI (305) heap_init: At 3FCF0000 len 00008000 (32 KiB): DRAM[0m
[0;32mI (310) heap_init: At 600FE11C len 00001ECC (7 KiB): RTCRAM[0m
[0;32mI (316) spi_flash: detected chip: gd[0m
[0;32mI (318) spi_flash: flash io: dio[0m
[0;33mW (321) spi_flash: Detected size(16384k) larger than the size in the binary image header(2048k). Using the size in the binary image header.[0m
[0;32mI (334) sleep_gpio: Configure to isolate all GPIO pins in sleep state[0m
[0;32mI (340) sleep_gpio: Enable automatic switching of GPIO sleep configuration[0m
[0;32mI (347) main_task: Started on CPU0[0m
[0;32mI (367) main_task: Calling app_main()[0m
[0;32mI (367) pp: pp rom version: e7ae62f[0m
[0;32mI (367) net80211: net80211 rom version: e7ae62f[0m
[0;33mW (367) wifi:wifi osi_nvs_open fail ret=4353[0m

[0;33mW (367) wifi_init: Failed to unregister Rx callbacks[0m
[1;31mE (377) wifi_init: Failed to deinit Wi-Fi driver (0x3001)[0m
[1;31mE (377) wifi_init: Failed to deinit Wi-Fi (0x3001)[0m
ESP_ERROR_CHECK failed: esp_err_t 0x1101 (ESP_ERR_NVS_NOT_INITIALIZED) at 0x42007cbc
file: "./main/main.c" line 25
func: app_main
expression: esp_wifi_init(&cfg)

abort() was called at PC 0x4037c0cb on core 0


Backtrace: 0x40375be5:0x3fca5230 0x4037c0d5:0x3fca5250 0x40384145:0x3fca5270 0x4037c0cb:0x3fca52e0 0x42007cbc:0x3fca5310 0x4207990b:0x3fca5450 0x4037cb3d:0x3fca5480




ELF file SHA256: 78728fe57

Rebooting...
ï¿½ï¿½ï¿½ESP-ROM:esp32s3-20210327
Build:Mar 27 2021
rst:0xc (RTC_SW_CPU_RST),boot:0x8 (SPI_FAST_FLASH_BOOT)
Saved PC:0x40375b24
SPIWP:0xee
mode:DIO, clock div:1
load:0x3fce2810,len:0x15a0
load:0x403c8700,len:0x4
load:0x403c8704,len:0xd20
load:0x403cb700,len:0x2ee4
entry 0x403c8928
[0;32mI (31) boot: ESP-IDF v5.4 2nd stage bootloader[0m
[0;32mI (31) boot: compile time Feb  8 2025 16:06:03[0m
[0;32mI (31) boot: Multicore bootloader[0m
[0;32mI (31) boot: chip revision: v0.2[0m
