ESP-ROM:esp32s3-20210327
Build:Mar 27 2021
rst:0x1 (POWERON),boot:0x8 (SPI_FAST_FLASH_BOOT)
SPIWP:0xee
mode:DIO, clock div:1
load:0x3fce2810,len:0x15a0
load:0x403c8700,len:0x4
load:0x403c8704,len:0xd20
load:0x403cb700,len:0x2ee4
entry 0x403c8928
[0;32mI (27) boot: ESP-IDF v5.4 2nd stage bootloader[0m
[0;32mI (27) boot: compile time Feb  8 2025 16:06:03[0m
[0;32mI (27) boot: Multicore bootloader[0m
[0;32mI (27) boot: chip revision: v0.2[0m
[0;32mI (30) boot: efuse block revision: v1.3[0m
[0;32mI (33) boot.esp32s3: Boot SPI Speed : 80MHz[0m
[0;32mI (37) boot.esp32s3: SPI Mode       : DIO[0m
[0;32mI (41) boot.esp32s3: SPI Flash Size : 2MB[0m
[0;32mI (45) boot: Enabling RNG early entropy source...[0m
[0;32mI (49) boot: Partition Table:[0m
[0;32mI (52) boot: ## Label            Usage          Type ST Offset   Length[0m
[0;32mI (58) boot:  0 nvs              WiFi data        01 02 00009000 00006000[0m
[0;32mI (65) boot:  1 phy_init         RF data          01 01 0000f000 00001000[0m
[0;32mI (71) boot:  2 factory          factory app      00 00 00010000 00100000[0m
[0;32mI (78) boot: End of partition table[0m
[0;32mI (81) esp_image: segment 0: paddr=00010020 vaddr=3c080020 size=18488h ( 99464) map[0m
[0;32mI (106) esp_image: segment 1: paddr=000284b0 vaddr=3fc99c00 size=04948h ( 18760) load[0m
[0;32mI (110) esp_image: segment 2: paddr=0002ce00 vaddr=40374000 size=03218h ( 12824) load[0m
[0;32mI (113) esp_image: segment 3: paddr=00030020 vaddr=42000020 size=7d2c8h (512712) map[0m
[0;32mI (208) esp_image: segment 4: paddr=000ad2f0 vaddr=40377218 size=1298ch ( 76172) load[0m
[0;32mI (224) esp_image: segment 5: paddr=000bfc84 vaddr=600fe100 size=0001ch (    28) load[0m
[0;32mI (233) boot: Loaded app from partition at offset 0x10000[0m
[0;32mI (233) boot: Disabling RNG early entropy source...[0m
[0;32mI (243) cpu_start: Multicore app[0m
[0;32mI (252) cpu_start: Pro cpu start user code[0m
[0;32mI (252) cpu_start: cpu freq: 160000000 Hz[0m
[0;32mI (253) app_init: Application information:[0m
[0;32mI (253) app_init: Project name:     wifi_scan[0m
[0;32mI (257) app_init: App version:      91ab1ac-dirty[0m
[0;32mI (261) app_init: Compile time:     Feb  8 2025 16:02:26[0m
[0;32mI (266) app_init: ELF file SHA256:  f65e6364e...[0m
[0;32mI (270) app_init: ESP-IDF:          v5.4[0m
[0;32mI (274) efuse_init: Min chip rev:     v0.0[0m
[0;32mI (278) efuse_init: Max chip rev:     v0.99 [0m
[0;32mI (282) efuse_init: Chip rev:         v0.2[0m
[0;32mI (286) heap_init: Initializing. RAM available for dynamic allocation:[0m
[0;32mI (292) heap_init: At 3FCA2138 len 000475D8 (285 KiB): RAM[0m
[0;32mI (297) heap_init: At 3FCE9710 len 00005724 (21 KiB): RAM[0m
[0;32mI (302) heap_init: At 3FCF0000 len 00008000 (32 KiB): DRAM[0m
[0;32mI (307) heap_init: At 600FE11C len 00001ECC (7 KiB): RTCRAM[0m
[0;32mI (314) spi_flash: detected chip: gd[0m
[0;32mI (316) spi_flash: flash io: dio[0m
[0;33mW (319) spi_flash: Detected size(16384k) larger than the size in the binary image header(2048k). Using the size in the binary image header.[0m
[0;32mI (332) sleep_gpio: Configure to isolate all GPIO pins in sleep state[0m
[0;32mI (338) sleep_gpio: Enable automatic switching of GPIO sleep configuration[0m
[0;32mI (345) main_task: Started on CPU0[0m
[0;32mI (365) main_task: Calling app_main()[0m
[0;32mI (375) pp: pp rom version: e7ae62f[0m
[0;32mI (375) net80211: net80211 rom version: e7ae62f[0m
[0;32mI (385) wifi:wifi driver task: 3fcabe4c, prio:23, stack:6656, core=0[0m
[0;32mI (385) wifi:wifi firmware version: 48ea317a7[0m
[0;32mI (385) wifi:wifi certification version: v7.0[0m
[0;32mI (385) wifi:config NVS flash: enabled[0m
[0;32mI (385) wifi:config nano formatting: disabled[0m
[0;32mI (395) wifi:Init data frame dynamic rx buffer num: 32[0m
[0;32mI (395) wifi:Init static rx mgmt buffer num: 5[0m
[0;32mI (405) wifi:Init management short buffer num: 32[0m
[0;32mI (405) wifi:Init dynamic tx buffer num: 32[0m
[0;32mI (415) wifi:Init static tx FG buffer num: 2[0m
[0;32mI (415) wifi:Init static rx buffer size: 1600[0m
[0;32mI (415) wifi:Init static rx buffer num: 10[0m
[0;32mI (425) wifi:Init dynamic rx buffer num: 32[0m
[0;32mI (425) wifi_init: rx ba win: 6[0m
[0;32mI (425) wifi_init: accept mbox: 6[0m
[0;32mI (435) wifi_init: tcpip mbox: 32[0m
[0;32mI (435) wifi_init: udp mbox: 6[0m
[0;32mI (435) wifi_init: tcp mbox: 6[0m
[0;32mI (445) wifi_init: tcp tx win: 5760[0m
[0;32mI (445) wifi_init: tcp rx win: 5760[0m
[0;32mI (445) wifi_init: tcp mss: 1440[0m
[0;32mI (455) wifi_init: WiFi IRAM OP enabled[0m
[0;32mI (455) wifi_init: WiFi RX IRAM OP enabled[0m
[0;32mI (455) phy_init: phy_version 680,a6008b2,Jun  4 2024,16:41:10[0m
[0;32mI (505) wifi:mode : sta (48:ca:43:9b:a7:b4)[0m
[0;32mI (505) wifi:enable tsf[0m
Number of APs found: 5
SSID: bilal
SSID: bilal
[0;32mI (3005) wifi:flush txq[0m
[0;32mI (3005) wifi:stop sw txq[0m
[0;32mI (3005) wifi:lmac stop hw txq[0m
[0;32mI (3005) wifi:Deinit lldesc rx mblock:10[0m
Guru Meditation Error: Core  0 panic'ed (Double exception). 

Core  0 register dump:
PC      : 0x40389a46  PS      : 0x00040036  A0      : 0x8037d264  A1      : 0x3fca5b00  
A2      : 0x00000003  A3      : 0x3c0842c8  A4      : 0x16f9fbb4  A5      : 0x68435056  
A6      : 0x00736972  A7      : 0x00000002  A8      : 0x82007e71  A9      : 0x3fca5ae0  
A10     : 0x00000000  A11     : 0x00000000  A12     : 0x3fc9ef71  A13     : 0x4201d02c  
A14     : 0x3fcef940  A15     : 0x00000002  SAR     : 0x00000014  EXCCAUSE: 0x00000002  
EXCVADDR: 0x4201d01c  LBEG    : 0x40056f5c  LEND    : 0x40056f72  LCOUNT  : 0xffffffff  


Backtrace: 0x40389a43:0x3fca5b00 0x4037d261:0x3fca5c40 0x4037d261:0x00000000 |<-CORRUPTED




ELF file SHA256: f65e6364e

Rebooting...
ï¿½ï¿½ï¿½ESP-ROM:esp32s3-20210327
Build:Mar 27 2021
rst:0xc (RTC_SW_CPU_RST),boot:0x8 (SPI_FAST_FLASH_BOOT)
Saved PC:0x40375b50
SPIWP:0xee
mode:DIO, clock div:1
load:0x3fce2810,len:0x15a0
load:0x403c8700,len:0x4
load:0x403c8704,len:0xd20
load:0x403cb700,len:0x2ee4
entry 0x403c8928
[0;32mI (31) boot: ESP-IDF v5.4 2nd stage bootloader[0m
[0;32mI (31) boot: compile time Feb  8 2025 16:06:03[0m
[0;32mI (31) boot: Multicore bootloader[0m
[0;32mI (31) boot: chip revision: v0.2[0m
[0;32mI (34) boot: efuse block revision: v1.3[0m
[0;32mI (38) boot.esp32s3: Boot SPI Speed : 80MHz[0m
[0;32mI (42) boot.esp32s3: SPI Mode       : DIO[0m
[0;32mI (45) boot.esp32s3: SPI Flash Size : 2MB[0m
[0;32mI (49) boot: Enabling RNG early entropy source...[0m
[0;32mI (54) boot: Partition Table:[0m
[0;32mI (56) boot: ## Label            Usage          Type ST Offset   Length[0m
[0;32mI (62) boot:  0 nvs              WiFi data        01 02 00009000 00006000[0m
[0;32mI (69) boot:  1 phy_init         RF data          01 01 0000f000 00001000[0m
[0;32mI (75) boot:  2 factory          factory app      00 00 00010000 00100000[0m
[0;32mI (82) boot: End of partition table[0m
[0;32mI (85) esp_image: segment 0: paddr=00010020 vaddr=3c080020 size=18488h ( 99464) map[0m
[0;32mI (110) esp_image: segment 1: paddr=000284b0 vaddr=3fc99c00 size=04948h ( 18760) load[0m
[0;32mI (114) esp_image: segment 2: paddr=0002ce00 vaddr=40374000 size=03218h ( 12824) load[0m
[0;32mI (117) esp_image: segment 3: paddr=00030020 vaddr=42000020 size=7d2c8h (512712) map[0m
[0;32mI (212) esp_image: segment 4: paddr=000ad2f0 vaddr=40377218 size=1298ch ( 76172) load[0m
[0;32mI (229) esp_image: segment 5: paddr=000bfc84 vaddr=600fe100 size=0001ch (    28) load[0m
[0;32mI (238) boot: Loaded app from partition at offset 0x10000[0m
[0;32mI (238) boot: Disabling RNG early entropy source...[0m
[0;32mI (248) cpu_start: Multicore app[0m
[0;32mI (257) cpu_start: Pro cpu start user code[0m
[0;32mI (257) cpu_start: cpu freq: 160000000 Hz[0m
[0;32mI (257) app_init: Application information:[0m
[0;32mI (257) app_init: Project name:     wifi_scan[0m
[0;32mI (261) app_init: App version:      91ab1ac-dirty[0m
[0;32mI (265) app_init: Compile time:     Feb  8 2025 16:02:26[0m
[0;32mI (270) app_init: ELF file SHA256:  f65e6364e...[0m
[0;32mI (275) app_init: ESP-IDF:          v5.4[0m
[0;32mI (278) efuse_init: Min chip rev:     v0.0[0m
[0;32mI (282) efuse_init: Max chip rev:     v0.99 [0m
[0;32mI (286) efuse_init: Chip rev:         v0.2[0m
[0;32mI (290) heap_init: Initializing. RAM available for dynamic allocation:[0m
[0;32mI (296) heap_init: At 3FCA2138 len 000475D8 (285 KiB): RAM[0m
[0;32mI (302) heap_init: At 3FCE9710 len 00005724 (21 KiB): RAM[0m
[0;32mI (307) heap_init: At 3FCF0000 len 00008000 (32 KiB): DRAM[0m
[0;32mI (312) heap_init: At 600FE11C len 00001ECC (7 KiB): RTCRAM[0m
[0;32mI (318) spi_flash: detected chip: gd[0m
[0;32mI (320) spi_flash: flash io: dio[0m
[0;33mW (323) spi_flash: Detected size(16384k) larger than the size in the binary image header(2048k). Using the size in the binary image header.[0m
[0;32mI (336) sleep_gpio: Configure to isolate all GPIO pins in sleep state[0m
[0;32mI (342) sleep_gpio: Enable automatic switching of GPIO sleep configuration[0m
[0;32mI (349) main_task: Started on CPU0[0m
[0;32mI (369) main_task: Calling app_main()[0m
[0;32mI (379) pp: pp rom version: e7ae62f[0m
[0;32mI (379) net80211: net80211 rom version: e7ae62f[0m
[0;32mI (389) wifi:wifi driver task: 3fcabe4c, prio:23, stack:6656, core=0[0m
[0;32mI (389) wifi:wifi firmware version: 48ea317a7[0m
[0;32mI (389) wifi:wifi certification version: v7.0[0m
[0;32mI (389) wifi:config NVS flash: enabled[0m
[0;32mI (389) wifi:config nano formatting: disabled[0m
[0;32mI (399) wifi:Init data frame dynamic rx buffer num: 32[0m
[0;32mI (399) wifi:Init static rx mgmt buffer num: 5[0m
[0;32mI (409) wifi:Init management short buffer num: 32[0m
[0;32mI (409) wifi:Init dynamic tx buffer num: 32[0m
[0;32mI (419) wifi:Init static tx FG buffer num: 2[0m
[0;32mI (419) wifi:Init static rx buffer size: 1600[0m
[0;32mI (419) wifi:Init static rx buffer num: 10[0m
[0;32mI (429) wifi:Init dynamic rx buffer num: 32[0m
[0;32mI (429) wifi_init: rx ba win: 6[0m
[0;32mI (429) wifi_init: accept mbox: 6[0m
[0;32mI (439) wifi_init: tcpip mbox: 32[0m
[0;32mI (439) wifi_init: udp mbox: 6[0m
[0;32mI (439) wifi_init: tcp mbox: 6[0m
[0;32mI (449) wifi_init: tcp tx win: 5760[0m
[0;32mI (449) wifi_init: tcp rx win: 5760[0m
[0;32mI (449) wifi_init: tcp mss: 1440[0m
[0;32mI (459) wifi_init: WiFi IRAM OP enabled[0m
[0;32mI (459) wifi_init: WiFi RX IRAM OP enabled[0m
[0;32mI (459) phy_init: phy_version 680,a6008b2,Jun  4 2024,16:41:10[0m
[0;32mI (509) wifi:mode : sta (48:ca:43:9b:a7:b4)[0m
[0;32mI (509) wifi:enable tsf[0m
